// Jest Snapshot v1, https://goo.gl/fbAQLP

exports[`Conversion from js to aqua Expect test case to match snapshot: [
  [
    "1"
  ],
  [
    "2"
  ],
  [
    "3"
  ]
] 1`] = `
"func res() -> [][]string:
    <- [
        [
            "1"
        ],
        [
            "2"
        ],
        [
            "3"
        ]
    ]
"
`;

exports[`Conversion from js to aqua Expect test case to match snapshot: [
  1,
  -2,
  3
] 1`] = `
"func res() -> []i64:
    <- [
        1,
        -2,
        3
    ]
"
`;

exports[`Conversion from js to aqua Expect test case to match snapshot: [
  1,
  2,
  3
] 1`] = `
"func res() -> []u64:
    <- [
        1,
        2,
        3
    ]
"
`;

exports[`Conversion from js to aqua Expect test case to match snapshot: [
  1.1,
  2,
  3
] 1`] = `
"func res() -> []f64:
    <- [
        1.1,
        2,
        3
    ]
"
`;

exports[`Conversion from js to aqua Expect test case to match snapshot: {
  "$$optional": 1
} 1`] = `
"func res() -> ?u64:
    <- ?[1]
"
`;

exports[`Conversion from js to aqua Expect test case to match snapshot: {
  "a": {
    "$$optional": 1,
    "$$isNil": true
  },
  "b": {
    "$$optional": 1.1,
    "$$isNil": true
  },
  "c": {
    "$$optional": [
      {
        "f": "4"
      },
      {
        "f": "5"
      }
    ]
  },
  "d": {
    "$$optional": [
      {
        "f": "5"
      }
    ],
    "$$isNil": true
  }
} 1`] = `
"data ResC:
    f: string

data ResD:
    f: string

data Res:
    a: ?u64
    b: ?f64
    c: ?[]ResC
    d: ?[]ResD

func res() -> Res:
    <- Res(
        a=nil,
        b=nil,
        c=?[[
            ResC(
                f="4"
            ),
            ResC(
                f="5"
            )
        ]],
        d=nil
    )
"
`;

exports[`Conversion from js to aqua Expect test case to match snapshot: {
  "a": {
    "a": [
      2
    ]
  },
  "b": {
    "a": -1,
    "b": 2.2
  },
  "c": [
    {
      "a": "4"
    },
    {
      "a": "5"
    }
  ]
} 1`] = `
"data ResA:
    a: []u64

data ResB:
    a: i64
    b: f64

data ResC:
    a: string

data Res:
    a: ResA
    b: ResB
    c: []ResC

func res() -> Res:
    <- Res(
        a=ResA(
            a=[
                2
            ]
        ),
        b=ResB(
            a=-1,
            b=2.2
        ),
        c=[
            ResC(
                a="4"
            ),
            ResC(
                a="5"
            )
        ]
    )
"
`;

exports[`Conversion from js to aqua Expect test case to match snapshot: {
  "a": null,
  "b": [],
  "d": {}
} 1`] = `
"data Res:
    a: ?u8
    b: ?u8
    c: ?u8
    d: ?u8

func res() -> Res:
    <- Res(
        a=nil,
        b=nil,
        c=nil,
        d=nil
    )
"
`;

exports[`Conversion from js to aqua Expect test case to match snapshot: 1 1`] = `
"func res() -> u64:
    <- 1
"
`;
